PS C:\Users\raviy\Desktop\プログラミング（侍テラコヤ）> mkdir git_challenge


    ディレクトリ: C:\Users\raviy\Desktop\プログラミング（侍テラコヤ）


Mode                 LastWriteTime         Length Name
----                 -------------         ------ ----
d-----        2025/06/18     22:59                git_challenge


PS C:\Users\raviy\Desktop\プログラミング（侍テラコヤ）> cd git_challenge
PS C:\Users\raviy\Desktop\プログラミング（侍テラコヤ）\git_challenge> git init
Initialized empty Git repository in C:/Users/raviy/Desktop/プログラミング（侍テラコヤ）/git_challenge/.git/
PS C:\Users\raviy\Desktop\プログラミング（侍テラコヤ）\git_challenge> echo "Hello, world!" >> hello_world.txt
PS C:\Users\raviy\Desktop\プログラミング（侍テラコヤ）\git_challenge> git add hello_world.txt
PS C:\Users\raviy\Desktop\プログラミング（侍テラコヤ）\git_challenge> git commit -m "hello_world.txtを追加"
[main (root-commit) 23c652f] hello_world.txtを追加
 1 file changed, 0 insertions(+), 0 deletions(-)
 create mode 100644 hello_world.txt
PS C:\Users\raviy\Desktop\プログラミング（侍テラコヤ）\git_challenge> echo "こんにちは、世界！" >> hello_world.txt
PS C:\Users\raviy\Desktop\プログラミング（侍テラコヤ）\git_challenge> git add hello_world.txt
PS C:\Users\raviy\Desktop\プログラミング（侍テラコヤ）\git_challenge> git commit -m "日本語訳を追記"
[main ae87935] 日本語訳を追記
 1 file changed, 0 insertions(+), 0 deletions(-)
PS C:\Users\raviy\Desktop\プログラミング（侍テラコヤ）\git_challenge> git log --oneline
ae87935 (HEAD -> main) 日本語訳を追記
23c652f hello_world.txtを追加